// Jest Snapshot v1, https://goo.gl/fbAQLP

exports[`Vpc Stack 1`] = `
Object {
  "Resources": Object {
    "VPCB9E5F0B4": Object {
      "Properties": Object {
        "CidrBlock": "10.0.0.0/16",
        "EnableDnsHostnames": true,
        "EnableDnsSupport": true,
        "InstanceTenancy": "default",
        "Tags": Array [
          Object {
            "Key": "Name",
            "Value": "MyTestVpcStack/VPC",
          },
        ],
      },
      "Type": "AWS::EC2::VPC",
    },
    "VPCIGWB7E252D3": Object {
      "Properties": Object {
        "Tags": Array [
          Object {
            "Key": "Name",
            "Value": "MyTestVpcStack/VPC",
          },
        ],
      },
      "Type": "AWS::EC2::InternetGateway",
    },
    "VPCPrivateSubnet1DefaultRouteAE1D6490": Object {
      "Properties": Object {
        "DestinationCidrBlock": "0.0.0.0/0",
        "NatGatewayId": Object {
          "Ref": "VPCPublicSubnet1NATGatewayE0556630",
        },
        "RouteTableId": Object {
          "Ref": "VPCPrivateSubnet1RouteTableBE8A6027",
        },
      },
      "Type": "AWS::EC2::Route",
    },
    "VPCPrivateSubnet1RouteTableAssociation347902D1": Object {
      "Properties": Object {
        "RouteTableId": Object {
          "Ref": "VPCPrivateSubnet1RouteTableBE8A6027",
        },
        "SubnetId": Object {
          "Ref": "VPCPrivateSubnet1Subnet8BCA10E0",
        },
      },
      "Type": "AWS::EC2::SubnetRouteTableAssociation",
    },
    "VPCPrivateSubnet1RouteTableBE8A6027": Object {
      "Properties": Object {
        "Tags": Array [
          Object {
            "Key": "Name",
            "Value": "MyTestVpcStack/VPC/PrivateSubnet1",
          },
        ],
        "VpcId": Object {
          "Ref": "VPCB9E5F0B4",
        },
      },
      "Type": "AWS::EC2::RouteTable",
    },
    "VPCPrivateSubnet1Subnet8BCA10E0": Object {
      "Properties": Object {
        "AvailabilityZone": Object {
          "Fn::Select": Array [
            0,
            Object {
              "Fn::GetAZs": "",
            },
          ],
        },
        "CidrBlock": "10.0.1.0/24",
        "MapPublicIpOnLaunch": false,
        "Tags": Array [
          Object {
            "Key": "Name",
            "Value": "MyTestVpcStack/VPC/PrivateSubnet1",
          },
          Object {
            "Key": "aws-cdk:subnet-name",
            "Value": "Private",
          },
          Object {
            "Key": "aws-cdk:subnet-type",
            "Value": "Private",
          },
        ],
        "VpcId": Object {
          "Ref": "VPCB9E5F0B4",
        },
      },
      "Type": "AWS::EC2::Subnet",
    },
    "VPCPublicSubnet1DefaultRoute91CEF279": Object {
      "DependsOn": Array [
        "VPCVPCGW99B986DC",
      ],
      "Properties": Object {
        "DestinationCidrBlock": "0.0.0.0/0",
        "GatewayId": Object {
          "Ref": "VPCIGWB7E252D3",
        },
        "RouteTableId": Object {
          "Ref": "VPCPublicSubnet1RouteTableFEE4B781",
        },
      },
      "Type": "AWS::EC2::Route",
    },
    "VPCPublicSubnet1EIP6AD938E8": Object {
      "Properties": Object {
        "Domain": "vpc",
        "Tags": Array [
          Object {
            "Key": "Name",
            "Value": "MyTestVpcStack/VPC/PublicSubnet1",
          },
        ],
      },
      "Type": "AWS::EC2::EIP",
    },
    "VPCPublicSubnet1NATGatewayE0556630": Object {
      "Properties": Object {
        "AllocationId": Object {
          "Fn::GetAtt": Array [
            "VPCPublicSubnet1EIP6AD938E8",
            "AllocationId",
          ],
        },
        "SubnetId": Object {
          "Ref": "VPCPublicSubnet1SubnetB4246D30",
        },
        "Tags": Array [
          Object {
            "Key": "Name",
            "Value": "MyTestVpcStack/VPC/PublicSubnet1",
          },
        ],
      },
      "Type": "AWS::EC2::NatGateway",
    },
    "VPCPublicSubnet1RouteTableAssociation0B0896DC": Object {
      "Properties": Object {
        "RouteTableId": Object {
          "Ref": "VPCPublicSubnet1RouteTableFEE4B781",
        },
        "SubnetId": Object {
          "Ref": "VPCPublicSubnet1SubnetB4246D30",
        },
      },
      "Type": "AWS::EC2::SubnetRouteTableAssociation",
    },
    "VPCPublicSubnet1RouteTableFEE4B781": Object {
      "Properties": Object {
        "Tags": Array [
          Object {
            "Key": "Name",
            "Value": "MyTestVpcStack/VPC/PublicSubnet1",
          },
        ],
        "VpcId": Object {
          "Ref": "VPCB9E5F0B4",
        },
      },
      "Type": "AWS::EC2::RouteTable",
    },
    "VPCPublicSubnet1SubnetB4246D30": Object {
      "Properties": Object {
        "AvailabilityZone": Object {
          "Fn::Select": Array [
            0,
            Object {
              "Fn::GetAZs": "",
            },
          ],
        },
        "CidrBlock": "10.0.0.0/24",
        "MapPublicIpOnLaunch": true,
        "Tags": Array [
          Object {
            "Key": "Name",
            "Value": "MyTestVpcStack/VPC/PublicSubnet1",
          },
          Object {
            "Key": "aws-cdk:subnet-name",
            "Value": "Public",
          },
          Object {
            "Key": "aws-cdk:subnet-type",
            "Value": "Public",
          },
        ],
        "VpcId": Object {
          "Ref": "VPCB9E5F0B4",
        },
      },
      "Type": "AWS::EC2::Subnet",
    },
    "VPCVPCGW99B986DC": Object {
      "Properties": Object {
        "InternetGatewayId": Object {
          "Ref": "VPCIGWB7E252D3",
        },
        "VpcId": Object {
          "Ref": "VPCB9E5F0B4",
        },
      },
      "Type": "AWS::EC2::VPCGatewayAttachment",
    },
  },
}
`;
